<?php return array (
  0 => 'Symfony\\Bundle\\FrameworkBundle\\Controller\\AbstractController',
  1 => 'App\\Easyjet\\EleaveBundle\\Controller\\AdminEmailsController',
  2 => 'App\\Easyjet\\EleaveBundle\\Controller\\AdminHelpFilesController',
  3 => 'App\\Easyjet\\EleaveBundle\\Controller\\AdminMultiLeaveValidationController',
  4 => 'App\\Easyjet\\EleaveBundle\\Controller\\AdminRefusController',
  5 => 'App\\Easyjet\\EleaveBundle\\Controller\\AdminRemainingDaysController',
  6 => 'App\\Easyjet\\EleaveBundle\\Controller\\AdminReportsController',
  7 => 'App\\Easyjet\\EleaveBundle\\Controller\\AdminRulesController',
  8 => 'App\\Easyjet\\EleaveBundle\\Controller\\DlAvailibilityController',
  9 => 'App\\Easyjet\\EleaveBundle\\Controller\\HolidayGuideController',
  10 => 'App\\Easyjet\\EleaveBundle\\Controller\\OfficeWishesController',
  11 => 'App\\Easyjet\\EleaveBundle\\Controller\\ResourcesGroupWishesController',
  12 => 'App\\Easyjet\\EleaveBundle\\Controller\\WishesController',
  13 => 'App\\Easyjet\\EleaveBundle\\Entity\\Calendrier',
  14 => 'App\\Easyjet\\EleaveBundle\\Entity\\Email',
  15 => 'App\\Easyjet\\EleaveBundle\\Entity\\Refus',
  16 => 'App\\Easyjet\\EleaveBundle\\Entity\\Rules',
  17 => 'App\\Easyjet\\EleaveBundle\\Entity\\Wish',
  18 => 'App\\Easyjet\\EpayslipBundle\\Controller\\EpaySlipController',
  19 => 'App\\Easyjet\\EpayslipBundle\\Entity\\CcPayslip',
  20 => 'App\\Easyjet\\EpayslipBundle\\Entity\\CcReport',
  21 => 'App\\Easyjet\\EpayslipBundle\\Entity\\IndemnitesDeductions',
  22 => 'App\\Easyjet\\EpayslipBundle\\Entity\\Payslip',
  23 => 'App\\Easyjet\\EwishBundle\\Controller\\EwishAdminController',
  24 => 'App\\Easyjet\\EwishBundle\\Controller\\EwishCalendarController',
  25 => 'App\\Easyjet\\EwishBundle\\Controller\\EwishGdoController',
  26 => 'App\\Easyjet\\EwishBundle\\Entity\\Calendrier',
  27 => 'App\\Easyjet\\EwishBundle\\Entity\\DoRequest',
  28 => 'App\\Easyjet\\EwishBundle\\Entity\\EmailNotifications',
  29 => 'App\\Easyjet\\EwishBundle\\Entity\\FestivalPeriodDate',
  30 => 'App\\Easyjet\\EwishBundle\\Entity\\PointsPerYear',
  31 => 'App\\Easyjet\\HrisBundle\\Controller\\CosmicRadiationReportController',
  32 => 'App\\Easyjet\\HrisBundle\\Controller\\CrewUserReportController',
  33 => 'App\\Easyjet\\HrisBundle\\Controller\\DataAnalyzerController',
  34 => 'App\\Easyjet\\HrisBundle\\Controller\\Ejint096Controller',
  35 => 'App\\Easyjet\\HrisBundle\\Controller\\Ejint096DemographicDataController',
  36 => 'App\\Easyjet\\HrisBundle\\Controller\\Ejint096PayElementsController',
  37 => 'App\\Easyjet\\HrisBundle\\Controller\\Ejint097Controller',
  38 => 'App\\Easyjet\\HrisBundle\\Controller\\ProcessingCalendarController',
  39 => 'App\\Easyjet\\HrisBundle\\Controller\\UsersImportController',
  40 => 'App\\Easyjet\\HrisBundle\\Entity\\HrisEjint096DataCheck',
  41 => 'App\\Easyjet\\HrisBundle\\Entity\\HrisEjint096DemographicData',
  42 => 'App\\Easyjet\\HrisBundle\\Entity\\HrisEjint096DemographicDataHardRule',
  43 => 'App\\Easyjet\\HrisBundle\\Entity\\HrisEjint096DemographicDataSoftRule',
  44 => 'App\\Easyjet\\HrisBundle\\Entity\\HrisEjint096DemographicDataTypeOfRule',
  45 => 'App\\Easyjet\\HrisBundle\\Entity\\HrisEjint096Log',
  46 => 'App\\Easyjet\\HrisBundle\\Entity\\HrisEjint096PayElement',
  47 => 'App\\Easyjet\\HrisBundle\\Entity\\HrisEjint096PayElementHardRule',
  48 => 'App\\Easyjet\\HrisBundle\\Entity\\HrisEjint096PayElementSoftRule',
  49 => 'App\\Easyjet\\HrisBundle\\Entity\\HrisEjint096PayElementTypeOfRule',
  50 => 'App\\Easyjet\\HrisBundle\\Entity\\HrisEjint096PayElementTypeOfValue',
  51 => 'App\\Easyjet\\HrisBundle\\Entity\\HrisEjint097Log',
  52 => 'App\\Easyjet\\HrisBundle\\Entity\\HrisProcessingCalendar',
  53 => 'App\\Easyjet\\HrisBundle\\Entity\\HrisTransition',
  54 => 'App\\Easyjet\\HrisBundle\\Entity\\HrisUsersImportLog',
  55 => 'App\\Easyjet\\HrisBundle\\Entity\\LeaveRequest',
  56 => 'App\\Easyjet\\HrisBundle\\Entity\\OtpCompensationGrades',
  57 => 'App\\Easyjet\\SwissinsideCoreBundle\\Controller\\AdGroupController',
  58 => 'App\\Easyjet\\SwissinsideCoreBundle\\Controller\\DefaultController',
  59 => 'App\\Easyjet\\SwissinsideCoreBundle\\Controller\\ExternalController',
  60 => 'App\\Easyjet\\SwissinsideCoreBundle\\Controller\\LoginController',
  61 => 'App\\Easyjet\\SwissinsideCoreBundle\\Entity\\DashboardLastView',
  62 => 'App\\Easyjet\\SwissinsideCoreBundle\\Entity\\DashboardSupportForm',
  63 => 'App\\Easyjet\\SwissinsideCoreBundle\\Entity\\DashboardYourselfDataConfirmed',
  64 => 'App\\Easyjet\\SwissinsideCoreBundle\\Entity\\TypesEftr',
  65 => 'App\\Easyjet\\SwissinsideCoreBundle\\Entity\\User',
  66 => 'App\\Easyjet\\UmanBundle\\Controller\\ApplicationsController',
  67 => 'App\\Easyjet\\UmanBundle\\Controller\\EmployessController',
  68 => 'App\\Easyjet\\UmanBundle\\Controller\\ExternalUsersController',
  69 => 'App\\Easyjet\\UmanBundle\\Controller\\RosteringTeamController',
  70 => 'App\\Easyjet\\UmanBundle\\Controller\\StationsController',
  71 => 'App\\Easyjet\\UmanBundle\\Controller\\ThirdPartyUsersController',
  72 => 'App\\Easyjet\\UmanBundle\\Entity\\Applications',
  73 => 'App\\Easyjet\\UmanBundle\\Entity\\Cantons',
  74 => 'App\\Easyjet\\UmanBundle\\Entity\\HrdbSynchLog',
  75 => 'App\\Easyjet\\UmanBundle\\Entity\\Pays',
  76 => 'App\\Easyjet\\UmanBundle\\Entity\\RosteringTeam',
  77 => 'App\\Easyjet\\UmanBundle\\Entity\\Stations',
  78 => 'App\\Easyjet\\UmanBundle\\Entity\\TypesEftr',
  79 => 'App\\Easyjet\\UmanBundle\\Entity\\TypesUsers',
  80 => 'App\\Easyjet\\UmanBundle\\Entity\\Users',
  81 => 'App\\Easyjet\\WorkingSheetBundle\\Controller\\WorkingSheetActualWorkController',
  82 => 'App\\Easyjet\\WorkingSheetBundle\\Controller\\WorkingSheetPatternController',
  83 => 'App\\Easyjet\\WorkingSheetBundle\\Controller\\WorkingSheetReportingController',
  84 => 'App\\Easyjet\\WorkingSheetBundle\\Controller\\WorkingSheetUpdateHolidaysController',
  85 => 'App\\Easyjet\\WorkingSheetBundle\\Controller\\WorkingSheetUsersController',
  86 => 'App\\Easyjet\\WorkingSheetBundle\\Entity\\WorkingSheetActualWork',
  87 => 'App\\Easyjet\\WorkingSheetBundle\\Entity\\WorkingSheetBankHolliday',
  88 => 'App\\Easyjet\\WorkingSheetBundle\\Entity\\WorkingSheetLineManager',
  89 => 'App\\Easyjet\\WorkingSheetBundle\\Entity\\WorkingSheetPattern',
  90 => 'App\\Easyjet\\WorkingSheetBundle\\Entity\\WorkingSheetUsers',
  91 => 'Doctrine\\Bundle\\DoctrineBundle\\Controller\\ProfilerController',
  92 => 'Doctrine\\ORM\\Cache\\Persister\\Entity\\AbstractEntityPersister',
  93 => 'Doctrine\\ORM\\Cache\\Persister\\Entity\\CachedEntityPersister',
  94 => 'Doctrine\\ORM\\Cache\\Persister\\Entity\\NonStrictReadWriteCachedEntityPersister',
  95 => 'Doctrine\\ORM\\Cache\\Persister\\Entity\\ReadOnlyCachedEntityPersister',
  96 => 'Doctrine\\ORM\\Cache\\Persister\\Entity\\ReadWriteCachedEntityPersister',
  97 => 'Doctrine\\ORM\\Persisters\\Entity\\AbstractEntityInheritancePersister',
  98 => 'Doctrine\\ORM\\Persisters\\Entity\\BasicEntityPersister',
  99 => 'Doctrine\\ORM\\Persisters\\Entity\\CachedPersisterContext',
  100 => 'Doctrine\\ORM\\Persisters\\Entity\\EntityPersister',
  101 => 'Doctrine\\ORM\\Persisters\\Entity\\JoinedSubclassPersister',
  102 => 'Doctrine\\ORM\\Persisters\\Entity\\SingleTablePersister',
  104 => 'Symfony\\Bundle\\FrameworkBundle\\Controller\\ControllerResolver',
  105 => 'Symfony\\Bundle\\FrameworkBundle\\Controller\\RedirectController',
  106 => 'Symfony\\Bundle\\FrameworkBundle\\Controller\\TemplateController',
  107 => 'Symfony\\Bundle\\WebProfilerBundle\\Controller\\ExceptionPanelController',
  108 => 'Symfony\\Bundle\\WebProfilerBundle\\Controller\\ProfilerController',
  109 => 'Symfony\\Bundle\\WebProfilerBundle\\Controller\\RouterController',
  110 => 'Symfony\\Component\\HttpKernel\\Controller\\ArgumentResolver',
  111 => 'Symfony\\Component\\HttpKernel\\Controller\\ArgumentResolverInterface',
  112 => 'Symfony\\Component\\HttpKernel\\Controller\\ArgumentResolver\\DefaultValueResolver',
  113 => 'Symfony\\Component\\HttpKernel\\Controller\\ArgumentResolver\\NotTaggedControllerValueResolver',
  114 => 'Symfony\\Component\\HttpKernel\\Controller\\ArgumentResolver\\RequestAttributeValueResolver',
  115 => 'Symfony\\Component\\HttpKernel\\Controller\\ArgumentResolver\\RequestValueResolver',
  116 => 'Symfony\\Component\\HttpKernel\\Controller\\ArgumentResolver\\ServiceValueResolver',
  117 => 'Symfony\\Component\\HttpKernel\\Controller\\ArgumentResolver\\SessionValueResolver',
  118 => 'Symfony\\Component\\HttpKernel\\Controller\\ArgumentResolver\\TraceableValueResolver',
  119 => 'Symfony\\Component\\HttpKernel\\Controller\\ArgumentResolver\\VariadicValueResolver',
  120 => 'Symfony\\Component\\HttpKernel\\Controller\\ArgumentValueResolverInterface',
  121 => 'Symfony\\Component\\HttpKernel\\Controller\\ContainerControllerResolver',
  122 => 'Symfony\\Component\\HttpKernel\\Controller\\ControllerReference',
  123 => 'Symfony\\Component\\HttpKernel\\Controller\\ControllerResolver',
  124 => 'Symfony\\Component\\HttpKernel\\Controller\\ControllerResolverInterface',
  125 => 'Symfony\\Component\\HttpKernel\\Controller\\ErrorController',
  126 => 'Symfony\\Component\\HttpKernel\\Controller\\TraceableArgumentResolver',
  127 => 'Symfony\\Component\\HttpKernel\\Controller\\TraceableControllerResolver',
  128 => 'Symfony\\Component\\Security\\Http\\Controller\\UserValueResolver',
);